.venv\Scripts\python : .F
Au caractère Ligne:1 : 1
+ .venv\Scripts\python -m 
tests.reproduce_issue > 
test_output.txt 2>&1
+ ~~~~~~~~~~~~~~~~~~~~~~~~~~~
~~~~~~~~~~~~~~~~~~~~~~~~~~~~~
~~~~~~~~~~~~
    + CategoryInfo           
   : NotSpecified: (.F:Stri  
  ng) [], RemoteException
    + FullyQualifiedErrorId  
   : NativeCommandError
 
=============================
=============================
============
FAIL: 
test_missing_slots_batching (
__main__.TestChatImprovements
.test_missing_slots_batching)
-----------------------------
-----------------------------
------------
Traceback (most recent call 
last):
  File "C:\Users\march\AppDat
a\Local\Programs\Python\Pytho
n312\Lib\unittest\mock.py", 
line 1396, in patched
    return func(*newargs, 
**newkeywargs)
           
^^^^^^^^^^^^^^^^^^^^^^^^^^^^^
  File "C:\Users\march\Deskto
p\project\hackathon_2025_GB\t
ests\reproduce_issue.py", 
line 58, in 
test_missing_slots_batching
    self.fail("generate_respo
nse_stream not called")
AssertionError: 
generate_response_stream not 
called

-----------------------------
-----------------------------
------------
Ran 2 tests in 0.135s

FAILED (failures=1)
FAIL: generate_response_stream not called in Capacity Mismatch
DEBUG: Response status: 401
DEBUG: Response data: {"message":"Token is missing!"}

